../Core/Src/main.c:83:5:main	8	static
../Core/Src/main.c:131:6:SystemClock_Config	88	static
../Core/Src/main.c:177:13:MX_I2C1_Init	8	static
../Core/Src/main.c:211:13:MX_I2S3_Init	8	static
../Core/Src/main.c:245:13:MX_SPI1_Init	8	static
../Core/Src/main.c:283:13:MX_TIM6_Init	16	static
../Core/Src/main.c:321:13:MX_GPIO_Init	56	static
../Core/Src/main.c:419:6:emirhan	24	static
../Core/Src/main.c:441:6:kontrol	16	static
../Core/Src/main.c:457:6:HAL_GPIO_EXTI_Callback	16	static
../Core/Src/main.c:482:8:HAL_TIM_PeriodElapsedCallback	16	static
../Core/Src/main.c:496:6:Error_Handler	4	static,ignoring_inline_asm
